// Jest Snapshot v1, https://goo.gl/fbAQLP

exports[`Error should initially be without error message 1`] = `
<body>
  <div>
    <div
      class="mb-6 border-l-[3px] border-red-500 p-4 bg-red-900/20"
      data-testid="error-banner"
    >
      <div
        class="flex items-center justify-between gap-4"
      >
        <div
          class="font-medium text-red-400"
        >
          Error
        </div>
        <svg
          class="cursor-pointer stroke-white"
          data-testid="error-icon-close"
          fill="none"
          height="1.25rem"
          stroke="currentColor"
          stroke-linecap="round"
          stroke-linejoin="round"
          stroke-width="2"
          viewBox="0 0 24 24"
          width="1.25rem"
          xmlns="http://www.w3.org/2000/svg"
        >
          <line
            x1="18"
            x2="6"
            y1="6"
            y2="18"
          />
          <line
            x1="6"
            x2="18"
            y1="6"
            y2="18"
          />
        </svg>
      </div>
      <div
        class="text-white"
      >
        <span>
          Image conversion failed. Please try again.
        </span>
      </div>
    </div>
  </div>
</body>
`;
