// Jest Snapshot v1, https://goo.gl/fbAQLP

exports[`Home should render 1`] = `
<body>
  <div>
    <div
      class="home"
    >
      <h2
        class="home-title"
      >
        Convertify
      </h2>
      <p
        class="home-description"
      >
        Set of simple converter tools
      </p>
      <div
        class="converters"
      >
        <a
          class="converter-card"
          href="/ocr-converter"
        >
          <div
            class="icon-button-container"
          >
            <button
              class="icon-button"
              type="button"
            >
              <svg>
                arrow-right.svg
              </svg>
            </button>
          </div>
          <svg>
            abstract-line-one.svg
          </svg>
          <div>
            <h2>
              Image to text
            </h2>
            <p>
              Extracts text from images. 
              <br />
               Supports 
              67
               
              languages.
            </p>
          </div>
        </a>
        <a
          class="converter-card"
          href="/cyrilic-to-latin"
        >
          <div
            class="icon-button-container"
          >
            <button
              class="icon-button"
              type="button"
            >
              <svg>
                arrow-right.svg
              </svg>
            </button>
          </div>
          <svg>
            abstract-line-two.svg
          </svg>
          <div>
            <h2>
              Cyrilic to latin
            </h2>
            <p>
              Converts cyrilic letters 
              <br />
               into latin letters.
            </p>
          </div>
        </a>
      </div>
    </div>
  </div>
</body>
`;
