// Jest Snapshot v1, https://goo.gl/fbAQLP

exports[`Icon Button should render 1`] = `
<body>
  <div>
    <div
      class="relative"
    >
      <button
        class="bg-neutral-700 hover:bg-emerald-800 p-3 rounded"
        type="button"
      >
        icon
      </button>
    </div>
  </div>
</body>
`;
