// Jest Snapshot v1, https://goo.gl/fbAQLP

exports[`ImageToTextConverter should render 1`] = `
<body>
  <div>
    <div
      class="m-auto w-full max-w-lg p-4 pb-14"
    >
      <h1
        class="py-5 pb-8 mb-5 font-medium text-3xl text-white w-full border-b border-neutral-800"
      >
        Image to text converter
      </h1>
      <div
        class="z-10 w-full"
      >
        <div
          class="flex justify-between flex-wrap gap-4 items-baseline"
        >
          <label
            class="text-white flex-1 whitespace-nowrap"
            for="languages"
          >
            Character specific language
          </label>
          <select
            class="focus:ring-sky-700 border-0 text-md rounded focus:border-blue-500 outline-0 p-2 px-3 text-white bg-neutral-800 flex-1"
            data-testid="languages"
            id="languages"
          >
            <option
              value="afr"
            >
              Afrikaans
            </option>
            <option
              value="amh"
            >
              Amharic
            </option>
            <option
              value="ara"
            >
              Arabic
            </option>
            <option
              value="asm"
            >
              Assamese
            </option>
            <option
              value="aze"
            >
              Azerbaijani
            </option>
            <option
              value="aze_cyrl"
            >
              Azerbaijani - Cyrillic
            </option>
            <option
              value="bel"
            >
              Belarusian
            </option>
            <option
              value="ben"
            >
              Bengali
            </option>
            <option
              value="bod"
            >
              Tibetan
            </option>
            <option
              value="bos"
            >
              Bosnian
            </option>
            <option
              value="bul"
            >
              Bulgarian
            </option>
            <option
              value="cat"
            >
              Catalan; Valencian
            </option>
            <option
              value="ceb"
            >
              Cebuano
            </option>
            <option
              value="ces"
            >
              Czech
            </option>
            <option
              value="chi_sim"
            >
              Chinese - Simplified
            </option>
            <option
              value="chi_tra"
            >
              Chinese - Traditional
            </option>
            <option
              value="chr"
            >
              Cherokee
            </option>
            <option
              value="cym"
            >
              Welsh
            </option>
            <option
              value="dan"
            >
              Danish
            </option>
            <option
              value="deu"
            >
              German
            </option>
            <option
              value="dzo"
            >
              Dzongkha
            </option>
            <option
              value="ell"
            >
              Greek, Modern (1453-)
            </option>
            <option
              value="eng"
            >
              English
            </option>
            <option
              value="epo"
            >
              Esperanto
            </option>
            <option
              value="est"
            >
              Estonian
            </option>
            <option
              value="fin"
            >
              Finnish
            </option>
            <option
              value="fra"
            >
              French
            </option>
            <option
              value="gle"
            >
              Irish
            </option>
            <option
              value="hat"
            >
              Haitian; Haitian Creole
            </option>
            <option
              value="heb"
            >
              Hebrew
            </option>
            <option
              value="hin"
            >
              Hindi
            </option>
            <option
              value="hun"
            >
              Hungarian
            </option>
            <option
              value="ind"
            >
              Indonesian
            </option>
            <option
              value="isl"
            >
              Italian
            </option>
            <option
              value="jpn"
            >
              Japanese
            </option>
            <option
              value="kat"
            >
              Georgian
            </option>
            <option
              value="kor"
            >
              Korean
            </option>
            <option
              value="kur"
            >
              Kurdish
            </option>
            <option
              value="lao"
            >
              Lao
            </option>
            <option
              value="lat"
            >
              Latvian
            </option>
            <option
              value="lit"
            >
              Lithuanian
            </option>
            <option
              value="mal"
            >
              Malayalam
            </option>
            <option
              value="mkd"
            >
              Macedonian
            </option>
            <option
              value="mlt"
            >
              Maltese
            </option>
            <option
              value="mya"
            >
              Burmese
            </option>
            <option
              value="nep"
            >
              Nepali
            </option>
            <option
              value="nor"
            >
              Norwegian
            </option>
            <option
              value="pol"
            >
              Polish
            </option>
            <option
              value="por"
            >
              Portuguese
            </option>
            <option
              value="ron"
            >
              Romanian; Moldavian
            </option>
            <option
              value="rus"
            >
              Russian
            </option>
            <option
              value="san"
            >
              Sanskrit
            </option>
            <option
              value="slk"
            >
              Slovak
            </option>
            <option
              value="slv"
            >
              Slovenian
            </option>
            <option
              value="spa"
            >
              Spanish; Castilian
            </option>
            <option
              value="srp"
            >
              Serbian
            </option>
            <option
              value="srp_latn"
            >
              Serbian - Latin
            </option>
            <option
              value="swa"
            >
              Swahili
            </option>
            <option
              value="swe"
            >
              Swedish
            </option>
            <option
              value="syr"
            >
              Syriac
            </option>
            <option
              value="tur"
            >
              Turkish
            </option>
            <option
              value="tha"
            >
              Thai
            </option>
            <option
              value="ukr"
            >
              Ukrainian
            </option>
            <option
              value="uzb"
            >
              Uzbek
            </option>
            <option
              value="uzb_cyrl"
            >
              Uzbek - Cyrillic
            </option>
            <option
              value="vie"
            >
              Vietnamese
            </option>
            <option
              value="yid"
            >
              Yiddish
            </option>
          </select>
        </div>
        <div
          class="rounded-md w-full mt-5 border border-neutral-800"
        >
          <input
            class="focus:ring-sky-700 border-0 rounded-t h-20 p-5 text-white outline-0 text-lg placeholder:text-neutral-500 w-full bg-transparent"
            data-testid="image-url-input"
            placeholder="Enter image URL"
            type="text"
            value=""
          />
          <div
            class="w-full text-center h-0"
          >
            <hr
              class="w-full -mb-[0.825rem] border-neutral-800"
            />
            <span
              class="bg-neutral-900 px-2 text-md text-neutral-500"
            >
              or
            </span>
          </div>
          <div
            class="cursor-pointer flex p-5 h-20"
          >
            <input
              class="sr-only"
              data-testid="ocr-file-upload-input"
              id="file-upload"
              type="file"
            />
            <label
              class="cursor-pointer flex justify-between w-full items-center gap-6"
              for="file-upload"
            >
              <div>
                <div
                  class="text-white"
                >
                  <div
                    class="text-white text-lg font-medium"
                  >
                    Upload an image
                  </div>
                  <div
                    class="text-neutral-500 text-sm"
                  >
                     JPG, JPEG, PNG, BMP, PBM up to 5MB
                  </div>
                </div>
              </div>
              <div
                class="bg-neutral-700 p-2 rounded hover:bg-emerald-800"
              >
                <svg
                  class="stroke-white"
                  fill="none"
                  height="1.5rem"
                  stroke="currentColor"
                  stroke-linecap="round"
                  stroke-linejoin="round"
                  stroke-width="2"
                  viewBox="0 0 24 24"
                  width="1.5rem"
                  xmlns="http://www.w3.org/2000/svg"
                >
                  <line
                    x1="12"
                    x2="12"
                    y1="5"
                    y2="19"
                  />
                  <line
                    x1="5"
                    x2="19"
                    y1="12"
                    y2="12"
                  />
                </svg>
              </div>
            </label>
          </div>
          <button
            class="disabled:cursor-not-allowed cursor-pointer hover:bg-emerald-900 relative text-xl text-white bg-emerald-800 rounded-b p-5 w-full"
            disabled=""
            type="button"
          >
            <div
              class="absolute flex w-16"
            >
              <svg
                class="absolute top-1 stroke-emerald-600 "
                fill="none"
                height="1em"
                stroke="currentColor"
                stroke-linecap="round"
                stroke-linejoin="round"
                stroke-width="2"
                viewBox="0 0 24 24"
                width="1em"
                xmlns="http://www.w3.org/2000/svg"
              >
                <polyline
                  points="23 4 23 10 17 10"
                />
                <polyline
                  points="1 20 1 14 7 14"
                />
                <path
                  d="M3.51 9a9 9 0 0 1 14.85-3.36L23 10M1 14l4.64 4.36A9 9 0 0 0 20.49 15"
                />
              </svg>
            </div>
            Extract Text
          </button>
        </div>
        
      </div>
    </div>
  </div>
</body>
`;
