// Jest Snapshot v1, https://goo.gl/fbAQLP

exports[`ImageToTextConverter should render 1`] = `
<body>
  <div>
    <div
      class="main-content"
    >
      <div
        class="breadcrumbs"
      >
        <a
          aria-current="page"
          class="breadcrumb breadcrumb-active"
          href="/"
        >
          Home
        </a>
        <span
          class="breadcrumb-divider"
        >
          &gt;
        </span>
        <a
          class="breadcrumb "
          href="/test-route"
        >
          test route
        </a>
      </div>
      <div
        class="ocr-file-upload"
      >
        <input
          class="ocr-file-upload-input"
          data-testid="ocr-file-upload-input"
          type="file"
        />
        <div
          class="ocr-file-upload-container"
        >
          <svg>
            file-upload.svg
          </svg>
          <div
            class="ocr-file-upload-container-txt"
          >
            <h3
              class="ocr-file-upload-container-txt-title"
            >
              Select file to upload
            </h3>
            <p
              class="ocr-file-upload-container-txt-desc"
            >
              Supported formats are: 
              <br />
               jpg, jpeg, png, bmp, pbm. 
              <br />
              Max file upload size is 5 MB.
            </p>
          </div>
        </div>
      </div>
      <div
        class="separator"
      >
        OR 
      </div>
      <div
        class="input-and-languages"
      >
        <input
          class="image-url-input"
          data-testid="image-url-input"
          placeholder="Enter image URL"
          type="text"
          value=""
        />
        <div
          class="languages"
        >
          <div
            class="languages-select"
          >
            <div
              class="selected-language"
            >
              English
              <svg>
                caret-down.svg
              </svg>
            </div>
          </div>
        </div>
      </div>
      <button
        class="btn btn-full-width"
        disabled=""
        type="button"
      >
        Convert
      </button>
      
    </div>
  </div>
</body>
`;
