// Jest Snapshot v1, https://goo.gl/fbAQLP

exports[`ImageWrapper should render 1`] = `
<body>
  <div>
    <div
      class="image-wrapper"
    >
      <div
        class="image-wrapper-text"
      >
        <svg>
          image-preview.svg
        </svg>
        <div>
          <h3>
            Image preview
          </h3>
          <span
            class="image-wrapper-text-desc"
          >
            You should see your image here. 
            <br />
            If image can not be displayed, 
            <br />
             there might be an issue with image URL.
          </span>
        </div>
      </div>
    </div>
  </div>
</body>
`;
