// Jest Snapshot v1, https://goo.gl/fbAQLP

exports[`Languages should render 1`] = `
<body>
  <div>
    <div
      class="flex justify-between flex-wrap gap-4 items-baseline"
    >
      <label
        class="text-white flex-[1.25] whitespace-nowrap"
        for="languages"
      >
        Character specific language
      </label>
      <select
        class="focus:ring-blue-500 border-0 text-md rounded focus:border-blue-500 outline-0 p-2 px-3 text-white bg-neutral-800 flex-1"
        data-testid="languages"
        id="languages"
      >
        <option
          value="afr"
        >
          Afrikaans
        </option>
        <option
          value="amh"
        >
          Amharic
        </option>
        <option
          value="ara"
        >
          Arabic
        </option>
        <option
          value="asm"
        >
          Assamese
        </option>
        <option
          value="aze"
        >
          Azerbaijani
        </option>
        <option
          value="aze_cyrl"
        >
          Azerbaijani - Cyrillic
        </option>
        <option
          value="bel"
        >
          Belarusian
        </option>
        <option
          value="ben"
        >
          Bengali
        </option>
        <option
          value="bod"
        >
          Tibetan
        </option>
        <option
          value="bos"
        >
          Bosnian
        </option>
        <option
          value="bul"
        >
          Bulgarian
        </option>
        <option
          value="cat"
        >
          Catalan; Valencian
        </option>
        <option
          value="ceb"
        >
          Cebuano
        </option>
        <option
          value="ces"
        >
          Czech
        </option>
        <option
          value="chi_sim"
        >
          Chinese - Simplified
        </option>
        <option
          value="chi_tra"
        >
          Chinese - Traditional
        </option>
        <option
          value="chr"
        >
          Cherokee
        </option>
        <option
          value="cym"
        >
          Welsh
        </option>
        <option
          value="dan"
        >
          Danish
        </option>
        <option
          value="deu"
        >
          German
        </option>
        <option
          value="dzo"
        >
          Dzongkha
        </option>
        <option
          value="ell"
        >
          Greek, Modern (1453-)
        </option>
        <option
          value="eng"
        >
          English
        </option>
        <option
          value="epo"
        >
          Esperanto
        </option>
        <option
          value="est"
        >
          Estonian
        </option>
        <option
          value="fin"
        >
          Finnish
        </option>
        <option
          value="fra"
        >
          French
        </option>
        <option
          value="gle"
        >
          Irish
        </option>
        <option
          value="hat"
        >
          Haitian; Haitian Creole
        </option>
        <option
          value="heb"
        >
          Hebrew
        </option>
        <option
          value="hin"
        >
          Hindi
        </option>
        <option
          value="hun"
        >
          Hungarian
        </option>
        <option
          value="ind"
        >
          Indonesian
        </option>
        <option
          value="isl"
        >
          Italian
        </option>
        <option
          value="jpn"
        >
          Japanese
        </option>
        <option
          value="kat"
        >
          Georgian
        </option>
        <option
          value="kor"
        >
          Korean
        </option>
        <option
          value="kur"
        >
          Kurdish
        </option>
        <option
          value="lao"
        >
          Lao
        </option>
        <option
          value="lat"
        >
          Latvian
        </option>
        <option
          value="lit"
        >
          Lithuanian
        </option>
        <option
          value="mal"
        >
          Malayalam
        </option>
        <option
          value="mkd"
        >
          Macedonian
        </option>
        <option
          value="mlt"
        >
          Maltese
        </option>
        <option
          value="mya"
        >
          Burmese
        </option>
        <option
          value="nep"
        >
          Nepali
        </option>
        <option
          value="nor"
        >
          Norwegian
        </option>
        <option
          value="pol"
        >
          Polish
        </option>
        <option
          value="por"
        >
          Portuguese
        </option>
        <option
          value="ron"
        >
          Romanian; Moldavian
        </option>
        <option
          value="rus"
        >
          Russian
        </option>
        <option
          value="san"
        >
          Sanskrit
        </option>
        <option
          value="slk"
        >
          Slovak
        </option>
        <option
          value="slv"
        >
          Slovenian
        </option>
        <option
          value="spa"
        >
          Spanish; Castilian
        </option>
        <option
          value="srp"
        >
          Serbian
        </option>
        <option
          value="srp_latn"
        >
          Serbian - Latin
        </option>
        <option
          value="swa"
        >
          Swahili
        </option>
        <option
          value="swe"
        >
          Swedish
        </option>
        <option
          value="syr"
        >
          Syriac
        </option>
        <option
          value="tur"
        >
          Turkish
        </option>
        <option
          value="tha"
        >
          Thai
        </option>
        <option
          value="ukr"
        >
          Ukrainian
        </option>
        <option
          value="uzb"
        >
          Uzbek
        </option>
        <option
          value="uzb_cyrl"
        >
          Uzbek - Cyrillic
        </option>
        <option
          value="vie"
        >
          Vietnamese
        </option>
        <option
          value="yid"
        >
          Yiddish
        </option>
      </select>
    </div>
  </div>
</body>
`;
