// Jest Snapshot v1, https://goo.gl/fbAQLP

exports[`Navigation should render 1`] = `
<body>
  <div>
    <div
      class="convert-options"
    >
      <button
        class="convert-option active"
      >
        File Upload
      </button>
      <button
        class="convert-option "
      >
        By Link
      </button>
    </div>
  </div>
</body>
`;
