// Jest Snapshot v1, https://goo.gl/fbAQLP

exports[`OCRByLink should render 1`] = `
<body>
  <div>
    <div
      class="ocr-by-link"
    >
      <input
        class="ocr-by-link-input"
        data-testid="ocr-image-link"
        placeholder="Enter image URL ..."
        type="text"
        value="image url"
      />
      <div
        class="image-wrapper"
      >
        <img
          alt="can not load image"
          src="image url"
        />
      </div>
    </div>
  </div>
</body>
`;
