// Jest Snapshot v1, https://goo.gl/fbAQLP

exports[`OCRFileUpload should render 1`] = `
<body>
  <div>
    <div
      class="cursor-pointer flex p-5 h-20"
    >
      <input
        class="sr-only"
        data-testid="ocr-file-upload-input"
        disabled=""
        id="file-upload"
        type="file"
      />
      <label
        class="cursor-pointer flex justify-between w-full items-center gap-6"
        for="file-upload"
      >
        <div
          class="w-full max-w-lg truncate"
        >
          <div
            class="text-white text-lg font-medium truncate"
          >
            Upload an image
          </div>
          <div
            class="text-neutral-500 text-sm mt-0.5"
          >
             JPG, JPEG, PNG, BMP, PBM up to 5MB
          </div>
        </div>
        <div
          class="bg-neutral-700 p-2 rounded hover:bg-emerald-800"
        >
          <svg
            class="stroke-white"
            fill="none"
            height="1.5rem"
            stroke="currentColor"
            stroke-linecap="round"
            stroke-linejoin="round"
            stroke-width="2"
            viewBox="0 0 24 24"
            width="1.5rem"
            xmlns="http://www.w3.org/2000/svg"
          >
            <line
              x1="12"
              x2="12"
              y1="5"
              y2="19"
            />
            <line
              x1="5"
              x2="19"
              y1="12"
              y2="12"
            />
          </svg>
        </div>
      </label>
    </div>
  </div>
</body>
`;
