// Jest Snapshot v1, https://goo.gl/fbAQLP

exports[`ProgressBar should render 1`] = `
<body>
  <div>
    <div
      class="progress-bar-container"
    >
      <span
        class="progress-bar-container-progress"
      >
        52
        %
      </span>
      <div
        class="progress-bar"
      >
        <div
          class="progress-bar-line"
          style="width: 52%;"
        />
      </div>
      <p
        class="progress-bar-txt"
      >
        Converting in progress...
      </p>
    </div>
  </div>
</body>
`;
