// Jest Snapshot v1, https://goo.gl/fbAQLP

exports[`TestWrapper should render 1`] = `
<body>
  <div>
    <div
      class="top-0 left-0 w-full"
    >
      <div
        class="border-l border-neutral-800 ml-8 py-5 flex items-baseline justify-between font-thin text-white"
      >
        <div
          class="ml-5 relative text-neutral-400 font- text-lg"
        >
          <span
            class="ml-2"
          >
            Result
          </span>
          <div
            class="flex items-center justify-center w-7 h-7 border bg-neutral-900 border-emerald-800 rounded-full absolute -left-[2.125rem] top-[0rem]"
          >
            <svg
              class="rotate-90 stroke-emerald-400"
              fill="none"
              height="0.875rem"
              stroke="currentColor"
              stroke-linecap="round"
              stroke-linejoin="round"
              stroke-width="2"
              viewBox="0 0 24 24"
              width="0.875rem"
              xmlns="http://www.w3.org/2000/svg"
            >
              <polyline
                points="17 1 21 5 17 9"
              />
              <path
                d="M3 11V9a4 4 0 0 1 4-4h14"
              />
              <polyline
                points="7 23 3 19 7 15"
              />
              <path
                d="M21 13v2a4 4 0 0 1-4 4H3"
              />
            </svg>
          </div>
        </div>
      </div>
      <textarea
        class="text-white w-full bg-transparent p-5 resize-none border-neutral-800 rounded"
        disabled=""
        placeholder="Output text"
        rows="11"
      />
      <div
        class="flex justify-end gap-5 mt-3"
      >
        <div
          class="relative"
        >
          <button
            class="bg-neutral-700 hover:bg-emerald-800 p-3 rounded"
            disabled=""
            type="button"
          >
            <svg
              class="fill-white"
              data-testid="copy-icon"
              fill="currentColor"
              height="1rem"
              stroke="currentColor"
              stroke-width="0"
              viewBox="0 0 24 24"
              width="1rem"
              xmlns="http://www.w3.org/2000/svg"
            >
              <g>
                <path
                  d="M0 0h24v24H0z"
                  fill="none"
                />
                <path
                  d="M7 6V3a1 1 0 0 1 1-1h12a1 1 0 0 1 1 1v14a1 1 0 0 1-1 1h-3v3c0 .552-.45 1-1.007 1H4.007A1.001 1.001 0 0 1 3 21l.003-14c0-.552.45-1 1.007-1H7zm2 0h8v10h2V4H9v2z"
                />
              </g>
            </svg>
          </button>
          <span
            class="absolute hidden bg-white text-black font-medium rounded p-1 px-2 text-xs left-1/2 -translate-x-1/2 bottom-14 whitespace-nowrap before:absolute before:w-3.5 before:h-1.5 before:bg-white before:-bottom-1.5 before:left-1/2 before:-translate-x-1/2"
          >
            Copy text
          </span>
        </div>
        <div
          class="relative"
        >
          <button
            class="bg-neutral-700 hover:bg-emerald-800 p-3 rounded"
            disabled=""
            type="button"
          >
            <svg
              class="fill-white"
              data-testid="download-icon"
              fill="currentColor"
              height="1rem"
              stroke="currentColor"
              stroke-width="0"
              viewBox="0 0 24 24"
              width="1rem"
              xmlns="http://www.w3.org/2000/svg"
            >
              <g>
                <path
                  d="M0 0h24v24H0z"
                  fill="none"
                />
                <path
                  d="M16 2l5 5v14.008a.993.993 0 0 1-.993.992H3.993A1 1 0 0 1 3 21.008V2.992C3 2.444 3.445 2 3.993 2H16zm-3 10V8h-2v4H8l4 4 4-4h-3z"
                />
              </g>
            </svg>
          </button>
          <span
            class="absolute hidden bg-white text-black font-medium rounded p-1 px-2 text-xs left-1/2 -translate-x-1/2 bottom-14 whitespace-nowrap before:absolute before:w-3.5 before:h-1.5 before:bg-white before:-bottom-1.5 before:left-1/2 before:-translate-x-1/2"
          >
            Download
          </span>
        </div>
      </div>
    </div>
  </div>
</body>
`;
